[reactheme.com/products/html/echooling/index.html]
[backblue.gif]
[fade.gif]
[index.html]
[reactheme.com/products/html/echooling/assets/images/fav.png]
[reactheme.com/products/html/echooling/assets/images/preload.png]
[reactheme.com/products/html/echooling/assets/images/logo.png]
[reactheme.com/products/html/echooling/index-two.html]
[reactheme.com/products/html/echooling/index-three.html]
[reactheme.com/products/html/echooling/index-four.html]
[reactheme.com/products/html/echooling/index-five.html]
[reactheme.com/products/html/echooling/index-six.html]
[reactheme.com/products/html/echooling/index-seven.html]
[reactheme.com/products/html/echooling/about.html]
[reactheme.com/products/html/echooling/instructors.html]
[reactheme.com/products/html/echooling/profile.html]
[reactheme.com/products/html/echooling/events.html]
[reactheme.com/products/html/echooling/events-right-sidebar.html]
[reactheme.com/products/html/echooling/events-single.html]
[reactheme.com/products/html/echooling/login.html]
[reactheme.com/products/html/echooling/signup.html]
[reactheme.com/products/html/echooling/coureses-grid.html]
[reactheme.com/products/html/echooling/coureses-right-sidebar.html]
[reactheme.com/products/html/echooling/coureses-list.html]
[reactheme.com/products/html/echooling/coureses-single.html]
[reactheme.com/products/html/echooling/blog.html]
[reactheme.com/products/html/echooling/blog-details.html]
[reactheme.com/products/html/echooling/contact.html]
[reactheme.com/products/html/echooling/assets/images/slider/1.jpg]
[reactheme.com/products/html/echooling/assets/images/slider/11.jpg]
[reactheme.com/products/html/echooling/assets/images/slider/2.jpg]
[reactheme.com/products/html/echooling/assets/images/slider/12.jpg]
[reactheme.com/products/html/echooling/assets/images/line.png]
[reactheme.com/products/html/echooling/assets/images/service/1.png]
[reactheme.com/products/html/echooling/assets/images/service/2.png]
[reactheme.com/products/html/echooling/assets/images/service/3.png]
[reactheme.com/products/html/echooling/assets/images/service/4.png]
[reactheme.com/products/html/echooling/assets/images/about/ab.png]
[reactheme.com/products/html/echooling/assets/images/about/badge.png]
[reactheme.com/products/html/echooling/assets/images/campus/4.png]
[reactheme.com/products/html/echooling/assets/images/campus/shape.png]
[reactheme.com/products/html/echooling/assets/images/course/1.png]
[reactheme.com/products/html/echooling/assets/images/course/2.png]
[reactheme.com/products/html/echooling/assets/images/course/3.png]
[reactheme.com/products/html/echooling/assets/images/course/4.png]
[reactheme.com/products/html/echooling/assets/images/testimonial/testimonial.png]
[reactheme.com/products/html/echooling/assets/images/testimonial/coma.png]
[reactheme.com/products/html/echooling/assets/images/blog/1.jpg]
[reactheme.com/products/html/echooling/assets/images/blog/2.jpg]
[reactheme.com/products/html/echooling/assets/images/blog/3.jpg]
[reactheme.com/products/html/echooling/assets/images/footer-logo.png]
[reactheme.com/products/html/echooling/assets/js/jquery.min.js]
[reactheme.com/products/html/echooling/assets/js/modernizr-2.8.3.min.js]
[reactheme.com/products/html/echooling/assets/js/bootstrap.min.js]
[reactheme.com/products/html/echooling/assets/js/owl.carousel.min.js]
[reactheme.com/products/html/echooling/assets/js/jquery.magnific-popup.min.js]
[reactheme.com/products/html/echooling/assets/js/jquery.counterup.min.js]
[reactheme.com/products/html/echooling/assets/js/waypoints.min.js]
[reactheme.com/products/html/echooling/assets/js/wow.min.js]
[reactheme.com/products/html/echooling/assets/js/menus.js]
[reactheme.com/products/html/echooling/assets/js/plugins.js]
[reactheme.com/products/html/echooling/assets/js/main.js]
[reactheme.com/products/html/echooling/index.html]
[reactheme.com/products/html/echooling/assets/css/bootstrap.min.css]
[reactheme.com/products/html/echooling/assets/css/menus.css]
[reactheme.com/products/html/echooling/assets/css/animate.css]
[reactheme.com/products/html/echooling/assets/css/owl.video.play.png]
[reactheme.com/products/html/echooling/assets/css/owl.carousel.css]
[reactheme.com/products/html/echooling/assets/fonts/ElegantIcons.eot]
[reactheme.com/products/html/echooling/assets/fonts/ElegantIconsd41d.eot]
[reactheme.com/products/html/echooling/assets/fonts/ElegantIcons.woff]
[reactheme.com/products/html/echooling/assets/fonts/ElegantIcons.ttf]
[reactheme.com/products/html/echooling/assets/fonts/elegant-icon.css]
[reactheme.com/products/html/echooling/assets/css/magnific-popup.css]
[reactheme.com/products/html/echooling/assets/css/animations.css]
[reactheme.com/products/html/echooling/assets/images/home5/banner-bg.png]
[reactheme.com/products/html/echooling/assets/images/home5/pricing-bg.png]
[reactheme.com/products/html/echooling/assets/images/home6/video-bg.png]
[reactheme.com/products/html/echooling/assets/images/home6/events/events-bg.png]
[reactheme.com/products/html/echooling/assets/images/hero/01.png]
[reactheme.com/products/html/echooling/assets/images/home4/backdrop.png]
[reactheme.com/products/html/echooling/assets/images/banner2/bg2.png]
[reactheme.com/products/html/echooling/assets/images/about/comment.png]
[reactheme.com/products/html/echooling/assets/images/testimonial/bg.jpg]
[reactheme.com/products/html/echooling/assets/images/testimonial/bg3.png]
[reactheme.com/products/html/echooling/assets/images/campus/cam.png]
[reactheme.com/products/html/echooling/assets/images/blog-grid/qu.png]
[reactheme.com/products/html/echooling/assets/images/blog-grid/link.png]
[reactheme.com/products/html/echooling/assets/images/cta.jpg]
[reactheme.com/products/html/echooling/assets/images/login/1.jpg]
[reactheme.com/products/html/echooling/style.css]
[reactheme.com/products/html/echooling/assets/css/custom-spacing.css]
[reactheme.com/products/html/echooling/assets/css/responsive.css]
[reactheme.com/products/html/echooling/assets/images/logo2.png]
[reactheme.com/products/html/echooling/assets/images/banner2/shape/01.png]
[reactheme.com/products/html/echooling/assets/images/banner2/shape/02.png]
[reactheme.com/products/html/echooling/assets/images/banner2/shape/03.png]
[reactheme.com/products/html/echooling/assets/images/banner2/line_01.png]
[reactheme.com/products/html/echooling/assets/images/banner2/bg.png]
[reactheme.com/products/html/echooling/assets/images/banner2/bg11.png]
[reactheme.com/products/html/echooling/assets/images/banner2/normal-image/01.png]
[reactheme.com/products/html/echooling/assets/images/banner2/normal-image/02.png]
[reactheme.com/products/html/echooling/assets/images/topics/2.png]
[reactheme.com/products/html/echooling/assets/images/about/dot.png]
[reactheme.com/products/html/echooling/assets/images/about/shape_02.png]
[reactheme.com/products/html/echooling/assets/images/about/about22.png]
[reactheme.com/products/html/echooling/assets/images/about/shape_01.png]
[reactheme.com/products/html/echooling/assets/images/about/shape_03.png]
[reactheme.com/products/html/echooling/assets/images/course-filter/1.jpg]
[reactheme.com/products/html/echooling/assets/images/course/small-image/1.png]
[reactheme.com/products/html/echooling/assets/images/course-filter/2.jpg]
[reactheme.com/products/html/echooling/assets/images/course/small-image/5.png]
[reactheme.com/products/html/echooling/assets/images/course-filter/3.jpg]
[reactheme.com/products/html/echooling/assets/images/course/small-image/2.png]
[reactheme.com/products/html/echooling/assets/images/course-filter/4.jpg]
[reactheme.com/products/html/echooling/assets/images/course/small-image/3.png]
[reactheme.com/products/html/echooling/assets/images/course-filter/5.jpg]
[reactheme.com/products/html/echooling/assets/images/course/small-image/4.png]
[reactheme.com/products/html/echooling/assets/images/course-filter/6.jpg]
[reactheme.com/products/html/echooling/assets/images/acc.png]
[reactheme.com/products/html/echooling/assets/images/banner2/shape_01.png]
[reactheme.com/products/html/echooling/assets/images/instructor/03.jpg]
[reactheme.com/products/html/echooling/assets/images/instructor/04.jpg]
[reactheme.com/products/html/echooling/assets/images/instructor/05.jpg]
[reactheme.com/products/html/echooling/assets/images/instructor/06.jpg]
[reactheme.com/products/html/echooling/assets/images/instructor/07.jpg]
[reactheme.com/products/html/echooling/assets/images/instructor/08.jpg]
[reactheme.com/products/html/echooling/assets/images/footer-logo2.png]
[reactheme.com/products/html/echooling/assets/js/isotope.pkgd.min.js]
[reactheme.com/products/html/echooling/assets/js/imagesloaded.pkgd.min.js]
[reactheme.com/products/html/echooling/index-two.html]
[reactheme.com/products/html/echooling/assets/images/hero/04.png]
[reactheme.com/products/html/echooling/assets/images/hero/05.png]
[reactheme.com/products/html/echooling/assets/images/hero/shape_03.png]
[reactheme.com/products/html/echooling/assets/images/hero/shape_04.png]
[reactheme.com/products/html/echooling/assets/images/hero/shape_05.png]
[reactheme.com/products/html/echooling/assets/images/hero/02.png]
[reactheme.com/products/html/echooling/assets/images/hero/03.png]
[reactheme.com/products/html/echooling/assets/images/about/ab3.png]
[reactheme.com/products/html/echooling/assets/images/featured/1.png]
[reactheme.com/products/html/echooling/assets/images/featured/2.png]
[reactheme.com/products/html/echooling/assets/images/featured/3.png]
[reactheme.com/products/html/echooling/assets/images/featured/4.png]
[reactheme.com/products/html/echooling/assets/images/featured/5.png]
[reactheme.com/products/html/echooling/assets/images/featured/6.png]
[reactheme.com/products/html/echooling/assets/images/tab/shape_01.png]
[reactheme.com/products/html/echooling/assets/images/tab/shape_02.png]
[reactheme.com/products/html/echooling/assets/images/tab/shape_03.png]
[reactheme.com/products/html/echooling/assets/images/tab/4.png]
[reactheme.com/products/html/echooling/assets/images/tab/2.png]
[reactheme.com/products/html/echooling/assets/images/tab/1.png]
[reactheme.com/products/html/echooling/assets/images/tab/3.png]
[reactheme.com/products/html/echooling/assets/images/testimonial/poly.png]
[reactheme.com/products/html/echooling/assets/images/testimonial/1.png]
[reactheme.com/products/html/echooling/assets/images/testimonial/2.png]
[reactheme.com/products/html/echooling/assets/images/testimonial/3.png]
[reactheme.com/products/html/echooling/assets/images/counter/1.png]
[reactheme.com/products/html/echooling/assets/images/counter/2.png]
[reactheme.com/products/html/echooling/assets/images/counter/3.png]
[reactheme.com/products/html/echooling/assets/images/counter/4.png]
[reactheme.com/products/html/echooling/index-three.html]
[reactheme.com/products/html/echooling/assets/images/logo-four.png]
[reactheme.com/products/html/echooling/assets/images/home4/hero.png]
[reactheme.com/products/html/echooling/assets/images/home4/ellipse.png]
[reactheme.com/products/html/echooling/assets/images/home4/hero2.png]
[reactheme.com/products/html/echooling/assets/images/home4/languages/jade.png]
[reactheme.com/products/html/echooling/assets/images/home4/languages/java.png]
[reactheme.com/products/html/echooling/assets/images/home4/languages/mysql.png]
[reactheme.com/products/html/echooling/assets/images/home4/languages/python.png]
[reactheme.com/products/html/echooling/assets/images/home4/languages/sass.png]
[reactheme.com/products/html/echooling/assets/images/home4/catagories/1.png]
[reactheme.com/products/html/echooling/assets/images/home4/catagories/2.png]
[reactheme.com/products/html/echooling/assets/images/home4/catagories/3.png]
[reactheme.com/products/html/echooling/assets/images/home4/catagories/4.png]
[reactheme.com/products/html/echooling/assets/images/home4/catagories/5.png]
[reactheme.com/products/html/echooling/assets/images/home4/catagories/6.png]
[reactheme.com/products/html/echooling/assets/images/home4/course/smiling-man.png]
[reactheme.com/products/html/echooling/assets/images/home4/course/phone.png]
[reactheme.com/products/html/echooling/assets/images/home4/course/talent.png]
[reactheme.com/products/html/echooling/assets/images/home4/course/clock.png]
[reactheme.com/products/html/echooling/assets/images/home4/course/headphone.png]
[reactheme.com/products/html/echooling/assets/images/home4/trending/man.png]
[reactheme.com/products/html/echooling/assets/images/home4/trending/guitarman.png]
[reactheme.com/products/html/echooling/assets/images/home4/trending/smiling-man-using-software.png]
[reactheme.com/products/html/echooling/assets/images/home4/map.png]
[reactheme.com/products/html/echooling/assets/images/home4/testimonials/1.png]
[reactheme.com/products/html/echooling/assets/images/home4/testimonials/2.png]
[reactheme.com/products/html/echooling/assets/images/home4/testimonials/3.png]
[reactheme.com/products/html/echooling/assets/images/home4/blog/talking-audience.png]
[reactheme.com/products/html/echooling/assets/images/home4/blog/young-woman.png]
[reactheme.com/products/html/echooling/assets/images/home4/blog/medium-shot-graduate.png]
[reactheme.com/products/html/echooling/assets/images/home4/blog/portrait-young-student.png]
[reactheme.com/products/html/echooling/assets/js/swiper-bundle.min.js]
[reactheme.com/products/html/echooling/index-four.html]
[reactheme.com/products/html/echooling/assets/images/home5/hero.png]
[reactheme.com/products/html/echooling/assets/images/home5/services/setting.png]
[reactheme.com/products/html/echooling/assets/images/home5/services/ask.png]
[reactheme.com/products/html/echooling/assets/images/home5/services/tv.png]
[reactheme.com/products/html/echooling/assets/images/home5/services/flag.png]
[reactheme.com/products/html/echooling/assets/images/home5/about.png]
[reactheme.com/products/html/echooling/assets/images/home5/check-icon.png]
[reactheme.com/products/html/echooling/assets/images/home5/journey/1.png]
[reactheme.com/products/html/echooling/assets/images/home5/journey/2.png]
[reactheme.com/products/html/echooling/assets/images/home5/journey/3.png]
[reactheme.com/products/html/echooling/assets/images/home5/journey/4.png]
[reactheme.com/products/html/echooling/assets/images/home5/smiling-man.png]
[reactheme.com/products/html/echooling/assets/images/home5/trending/1.png]
[reactheme.com/products/html/echooling/assets/images/home5/trending/2.png]
[reactheme.com/products/html/echooling/assets/images/home5/trending/3.png]
[reactheme.com/products/html/echooling/assets/images/home5/trending/4.png]
[reactheme.com/products/html/echooling/assets/images/home5/trending/5.png]
[reactheme.com/products/html/echooling/assets/images/home5/trending/6.png]
[reactheme.com/products/html/echooling/assets/images/home5/instructor/1.png]
[reactheme.com/products/html/echooling/assets/images/home5/instructor/2.png]
[reactheme.com/products/html/echooling/assets/images/home5/instructor/3.png]
[reactheme.com/products/html/echooling/assets/images/home5/instructor/4.png]
[reactheme.com/products/html/echooling/assets/images/home5/quote.png]
[reactheme.com/products/html/echooling/assets/images/home5/testimonials-dp.png]
[reactheme.com/products/html/echooling/assets/images/home5/blog/1.png]
[reactheme.com/products/html/echooling/assets/images/home5/blog/2.png]
[reactheme.com/products/html/echooling/assets/images/home5/blog/3.png]
[reactheme.com/products/html/echooling/assets/images/home5/blog/4.png]
[reactheme.com/products/html/echooling/index-five.html]
[reactheme.com/products/html/echooling/assets/images/home6/bannerBg.jpg]
[reactheme.com/products/html/echooling/assets/images/home6/bannerBg-mobile.jpg]
[reactheme.com/products/html/echooling/assets/images/home6/Video icon.png]
[reactheme.com/products/html/echooling/assets/images/home6/af/alarm clock.png]
[reactheme.com/products/html/echooling/assets/images/home6/af/Cap.png]
[reactheme.com/products/html/echooling/assets/images/home6/af/award.png]
[reactheme.com/products/html/echooling/assets/images/home6/af/Basketball.png]
[reactheme.com/products/html/echooling/assets/images/home6/academics/1.png]
[reactheme.com/products/html/echooling/assets/images/home6/academics/2.png]
[reactheme.com/products/html/echooling/assets/images/home6/academics/3.png]
[reactheme.com/products/html/echooling/assets/images/home6/academics/4.png]
[reactheme.com/products/html/echooling/assets/images/home6/academics/card-icons/Pen Icon.png]
[reactheme.com/products/html/echooling/assets/images/home6/academics/card-icons/Business Icon.png]
[reactheme.com/products/html/echooling/assets/images/home6/academics/card-icons/System Icon.png]
[reactheme.com/products/html/echooling/assets/images/home6/campus/students-walking.jpg]
[reactheme.com/products/html/echooling/assets/images/home6/courses/2.png]
[reactheme.com/products/html/echooling/assets/images/home6/courses/1.png]
[reactheme.com/products/html/echooling/assets/images/home6/courses/3.png]
[reactheme.com/products/html/echooling/assets/images/home6/overview/standing.png]
[reactheme.com/products/html/echooling/assets/images/home6/events/1.png]
[reactheme.com/products/html/echooling/assets/images/home6/events/2.png]
[reactheme.com/products/html/echooling/assets/images/home6/events/3.png]
[reactheme.com/products/html/echooling/assets/images/home6/counter/Book Icon.png]
[reactheme.com/products/html/echooling/assets/images/home6/counter/Cap.png]
[reactheme.com/products/html/echooling/assets/images/home6/counter/Events Icon.png]
[reactheme.com/products/html/echooling/assets/images/home6/counter/award.png]
[reactheme.com/products/html/echooling/assets/images/home6/blog/max.png]
[reactheme.com/products/html/echooling/assets/images/home6/blog/min1.png]
[reactheme.com/products/html/echooling/assets/images/home6/blog/min2.png]
[reactheme.com/products/html/echooling/assets/images/home6/blog/min3.png]
[reactheme.com/products/html/echooling/assets/images/home6/gallary/1.png]
[reactheme.com/products/html/echooling/assets/images/home6/gallary/2.png]
[reactheme.com/products/html/echooling/assets/images/home6/gallary/3.png]
[reactheme.com/products/html/echooling/assets/images/home6/gallary/4.png]
[reactheme.com/products/html/echooling/assets/images/home6/gallary/5.png]
[reactheme.com/products/html/echooling/assets/images/home6/gallary/6.png]
[reactheme.com/products/html/echooling/index-six.html]
[reactheme.com/products/html/echooling/assets/images/Home7/banner-bg.jpg]
[reactheme.com/products/html/echooling/assets/images/Home7/about/1.png]
[reactheme.com/products/html/echooling/assets/images/Home7/about/2.png]
[reactheme.com/products/html/echooling/assets/images/Home7/about/3.png]
[reactheme.com/products/html/echooling/assets/images/Home7/about/4.png]
[reactheme.com/products/html/echooling/assets/images/Home7/qna/1.png]
[reactheme.com/products/html/echooling/assets/images/Home7/courses/1.png]
[reactheme.com/products/html/echooling/assets/images/Home7/courses/2.png]
[reactheme.com/products/html/echooling/assets/images/Home7/courses/3.png]
[reactheme.com/products/html/echooling/assets/images/Home7/courses/4.png]
[reactheme.com/products/html/echooling/assets/images/Home7/courses/5.png]
[reactheme.com/products/html/echooling/assets/images/Home7/overview/1.png]
[reactheme.com/products/html/echooling/assets/images/Home7/overview/2.png]
[reactheme.com/products/html/echooling/assets/images/Home7/overview/3.png]
[reactheme.com/products/html/echooling/assets/images/Home7/overview/4.png]
[reactheme.com/products/html/echooling/assets/images/Home7/blog/1.png]
[reactheme.com/products/html/echooling/assets/images/Home7/blog/2.png]
[reactheme.com/products/html/echooling/assets/images/Home7/blog/3.png]
[reactheme.com/products/html/echooling/index-seven.html]
[reactheme.com/products/html/echooling/assets/images/breadcrumbs/1.jpg]
[reactheme.com/products/html/echooling/assets/images/topics/icon.png]
[reactheme.com/products/html/echooling/assets/images/topics/icon2.png]
[reactheme.com/products/html/echooling/assets/images/topics/icon3.png]
[reactheme.com/products/html/echooling/about.html]
[reactheme.com/products/html/echooling/assets/images/instructors/1.jpg]
[reactheme.com/products/html/echooling/assets/images/instructors/2.jpg]
[reactheme.com/products/html/echooling/assets/images/instructors/3.jpg]
[reactheme.com/products/html/echooling/assets/images/instructors/4.jpg]
[reactheme.com/products/html/echooling/assets/images/instructors/5.jpg]
[reactheme.com/products/html/echooling/assets/images/instructors/6.jpg]
[reactheme.com/products/html/echooling/assets/images/instructors/7.jpg]
[reactheme.com/products/html/echooling/assets/images/instructors/8.jpg]
[reactheme.com/products/html/echooling/instructors.html]
[reactheme.com/products/html/echooling/assets/images/profile/1.jpg]
[reactheme.com/products/html/echooling/assets/images/profile/2.png]
[reactheme.com/products/html/echooling/assets/images/profile/3.png]
[reactheme.com/products/html/echooling/assets/images/profile/4.png]
[reactheme.com/products/html/echooling/profile.html]
[reactheme.com/products/html/echooling/events.html]
[reactheme.com/products/html/echooling/assets/images/related-course/1.jpg]
[reactheme.com/products/html/echooling/assets/images/related-course/2.jpg]
[reactheme.com/products/html/echooling/assets/images/related-course/3.jpg]
[reactheme.com/products/html/echooling/events-right-sidebar.html]
[reactheme.com/products/html/echooling/assets/images/breadcrumbs/2.jpg]
[reactheme.com/products/html/echooling/assets/images/instructors/9.png]
[reactheme.com/products/html/echooling/assets/images/instructors/10.png]
[reactheme.com/products/html/echooling/assets/images/instructors/11.png]
[reactheme.com/products/html/echooling/assets/images/instructors/12.png]
[reactheme.com/products/html/echooling/assets/js/skill.bars.jquery.js]
[reactheme.com/products/html/echooling/events-single.html]
[reactheme.com/products/html/echooling/login.html]
[reactheme.com/products/html/echooling/signup.html]
[reactheme.com/products/html/echooling/assets/images/course/beg.png]
[reactheme.com/products/html/echooling/coureses-grid.html]
[reactheme.com/products/html/echooling/coureses-right-sidebar.html]
[reactheme.com/products/html/echooling/coureses-list.html]
[reactheme.com/products/html/echooling/assets/images/breadcrumbs/22.jpg]
[reactheme.com/products/html/echooling/assets/images/course-single/user.jpg]
[reactheme.com/products/html/echooling/assets/images/course-single/1.jpg]
[reactheme.com/products/html/echooling/assets/images/course-single/user4.jpg]
[reactheme.com/products/html/echooling/assets/images/course-single/user5.jpg]
[reactheme.com/products/html/echooling/coureses-single.html]
[reactheme.com/products/html/echooling/assets/images/breadcrumbs/3.jpg]
[reactheme.com/products/html/echooling/assets/images/blog-grid/5.jpg]
[reactheme.com/products/html/echooling/assets/images/blog-grid/6.jpg]
[reactheme.com/products/html/echooling/assets/images/blog-grid/7.jpg]
[reactheme.com/products/html/echooling/assets/images/blog/4.png]
[reactheme.com/products/html/echooling/assets/images/blog/5.png]
[reactheme.com/products/html/echooling/assets/images/blog/6.png]
[reactheme.com/products/html/echooling/blog.html]
[reactheme.com/products/html/echooling/assets/images/breadcrumbs/33.jpg]
[reactheme.com/products/html/echooling/assets/images/blog/7.png]
[reactheme.com/products/html/echooling/assets/images/blog/author.png]
[reactheme.com/products/html/echooling/assets/images/blog-grid/4.jpg]
[reactheme.com/products/html/echooling/assets/images/course-single/user2.jpg]
[reactheme.com/products/html/echooling/assets/images/course-single/user3.jpg]
[reactheme.com/products/html/echooling/blog-details.html]
[reactheme.com/products/html/echooling/assets/images/contact/2.png]
[reactheme.com/products/html/echooling/assets/images/contact/3.png]
[reactheme.com/products/html/echooling/assets/images/contact/4.png]
[reactheme.com/products/html/echooling/assets/images/contact/1.jpg]
[reactheme.com/products/html/echooling/contact.html]
[reactheme.com/products/html/echooling/assets/images/campus/1.svg]
[reactheme.com/products/html/echooling/assets/images/campus/2.svg]
[reactheme.com/products/html/echooling/assets/images/campus/3.svg]
[reactheme.com/products/html/echooling/assets/css/owl.video.play.html]
[reactheme.com/products/html/echooling/assets/fonts/ElegantIcons.svg]
[reactheme.com/products/html/echooling/assets/images/topics/1.svg]
[reactheme.com/products/html/echooling/assets/images/topics/3.svg]
[reactheme.com/products/html/echooling/assets/images/topics/4.svg]
[reactheme.com/products/html/echooling/assets/images/topics/icon.svg]
[reactheme.com/products/html/echooling/assets/images/topics/icon2.svg]
[reactheme.com/products/html/echooling/assets/images/topics/icon3.svg]
[reactheme.com/products/html/echooling/assets/webfonts/fa-brands-400.woff2]
[reactheme.com/products/html/echooling/assets/webfonts/fa-brands-400.ttf]
[reactheme.com/products/html/echooling/assets/webfonts/fa-regular-400.woff2]
[reactheme.com/products/html/echooling/assets/webfonts/fa-regular-400.ttf]
[reactheme.com/products/html/echooling/assets/webfonts/fa-solid-900.woff2]
[reactheme.com/products/html/echooling/assets/webfonts/fa-solid-900.ttf]
[reactheme.com/products/html/echooling/assets/webfonts/fa-v4compatibility.woff2]
[reactheme.com/products/html/echooling/assets/webfonts/fa-v4compatibility.ttf]
[reactheme.com/products/html/echooling/assets/css/all.min.css]
[reactheme.com/products/html/echooling/assets/css/swiper.min.css]
[reactheme.com/products/html/echooling/assets/images/Home7/video-icon.svg]
